Fetching https://raw.githubusercontent.com/CompEvol/CBAN/master/packages2.7.xml
Fetching https://raw.githubusercontent.com/CompEvol/CBAN/master/packages-extra-2.7.xml

Found 73 unique GitHub repositories

[1/73] BEAST.base (CompEvol/beast2)
[2/73] BEASTLabs (BEAST2-Dev/BEASTLabs)
[3/73] bModelTest (BEAST2-Dev/bModelTest)
[4/73] OBAMA (rbouckaert/obama)
[5/73] BICEPS (rbouckaert/biceps)
[6/73] ORC (jordandouglas/ORC)
[7/73] speedemon (rbouckaert/speedemon)
[8/73] gammaspike (jordandouglas/GammaSpikeModel)
[9/73] resub (jordandouglas/resub)
[10/73] contraband (fkmendes/contraband)
[11/73] Babel (rbouckaert/Babel)
[12/73] BEAST_CLASSIC (BEAST2-Dev/beast-classic)
[13/73] SNAPP (BEAST2-Dev/SNAPP)
[14/73] snapper (rbouckaert/snapper)
[15/73] TreeStat2 (alexeid/TreeStat2)
[16/73] starbeast3 (rbouckaert/starbeast3)
[17/73] SpeciesNetwork (zhangchicool/speciesnetwork)
[18/73] MODEL_SELECTION (BEAST2-Dev/model-selection)
[19/73] NS (BEAST2-Dev/nested-sampling)
[20/73] CoupledMCMC (nicfel/CoupledMCMC)
[21/73] MM (CompEvol/morph-models)
[22/73] GEO_SPHERE (BEAST2-Dev/beast-geo)
[23/73] BREAK_AWAY (rbouckaert/break-away)
[24/73] SSM (BEAST2-Dev/substmodels)
[25/73] MGSM (BEAST2-Dev/MGSM)
[26/73] SA (CompEvol/sampled-ancestors)
[27/73] BDSKY (BEAST2-Dev/bdsky)
[28/73] feast (tgvaughan/feast)
[29/73] TiDeTree (seidels/tidetree)
[30/73] MultiTypeTree (tgvaughan/MultiTypeTree)
[31/73] MASTER (tgvaughan/MASTER)
[32/73] ReMASTER (tgvaughan/remaster)
[33/73] Mascot (nicfel/Mascot)
[34/73] Recombination (nicfel/Recombination)
[35/73] CoalRe (nicfel/CoalRe)
[36/73] CodonSubstModels (BEAST2-Dev/codonsubstmodels)
[37/73] timtam (aezarebski/timtam2)
[38/73] BEASTvntr (arjun-1/BEASTvntr)
[39/73] PIQMEE (boskovav/piqmee)
[40/73] EpiInf (tgvaughan/epiinf)
[41/73] FastRelaxedClockLogNormal (Rong419/ConstantDistanceOperator)
[42/73] bacter (tgvaughan/bacter)
[43/73] StarBEAST2 (genomescale/starbeast2)
[44/73] bdtree (fkmendes/bdtree)
[45/73] bdmm (denisekuehnert/bdmm)
[46/73] PhyDyn (mrc-ide/PhyDyn)
[47/73] CA (BEAST2-Dev/cladeage)
[48/73] phylodynamics (BEAST2-Dev/phylodynamics)
[49/73] phylonco (bioDS/beast-phylonco)
[50/73] lphybeast (LinguaPhylo/LPhyBeast)
[51/73] LPhyBeastExt (LinguaPhylo/LPhyBeastExt)
[52/73] contacTrees (NicoNeureiter/contacTrees)
[53/73] FixedTreeAnalysis (rbouckaert/FixedTreeAnalysis)
[54/73] CCD (CompEvol/CCD)
[55/73] FLC (4ment/flc)
[56/73] CubeVB (rbouckaert/cubevb)
[57/73] FreeRateModel (BEAST2-Dev/FreeRateModel)
[58/73] AlmostDistributions (rbouckaert/AlmostDistributions)
[59/73] Experimenter (christiaanjs/beast-validation)
[60/73] IndelDollo (jordandouglas/IndelDollo)
[61/73] CorrelatedTrait (rbouckaert/CorrelatedTrait)
[62/73] ASM (rbouckaert/asm)
[63/73] HetMM (jordandouglas/HetMM)
[64/73] beastmap (jordandouglas/BeastMap)
[65/73] FoldBeast (jordandouglas/FoldBeast)
[66/73] BREATH (rbouckaert/transmission)
[67/73] 5rf (rbouckaert/5rf)
[68/73] RBS (BEAST2-Dev/rb-beast)
[69/73] rootfreqs (rbouckaert/rootfreqs)
[70/73] EpochClockModel (rbouckaert/EpochClockModel)
[71/73] TyCHE (hoehnlab/tyche)
[72/73] TargetedBeast (nicfel/targetedbeast)
[73/73] BEAST2Lang (CompEvol/beast2lang)
Snapshot saved to beast2_snapshots/snapshot_2026-01-23_13-16-50.json

Loaded 1 snapshot(s)
Only 1 snapshot available — showing cumulative totals.
Run this script again later to get per-period download deltas.
CSV written to beast2_download_stats.csv
HTML report written to beast2_download_stats.html

Done! Total .zip downloads reported: 757,383
Fetching https://raw.githubusercontent.com/CompEvol/CBAN/master/packages2.7.xml
Error fetching https://raw.githubusercontent.com/CompEvol/CBAN/master/packages2.7.xml: <urlopen error [Errno 8] nodename nor servname provided, or not known>
Fetching https://raw.githubusercontent.com/CompEvol/CBAN/master/packages-extra-2.7.xml
Error fetching https://raw.githubusercontent.com/CompEvol/CBAN/master/packages-extra-2.7.xml: <urlopen error [Errno 8] nodename nor servname provided, or not known>

Found 0 unique GitHub repositories

No data collected.
Fetching https://raw.githubusercontent.com/CompEvol/CBAN/master/packages2.7.xml
Error fetching https://raw.githubusercontent.com/CompEvol/CBAN/master/packages2.7.xml: <urlopen error [Errno 8] nodename nor servname provided, or not known>
Fetching https://raw.githubusercontent.com/CompEvol/CBAN/master/packages-extra-2.7.xml
Error fetching https://raw.githubusercontent.com/CompEvol/CBAN/master/packages-extra-2.7.xml: <urlopen error [Errno 8] nodename nor servname provided, or not known>

Found 0 unique GitHub repositories

No data collected.
Fetching https://raw.githubusercontent.com/CompEvol/CBAN/master/packages2.7.xml
Error fetching https://raw.githubusercontent.com/CompEvol/CBAN/master/packages2.7.xml: <urlopen error [Errno 8] nodename nor servname provided, or not known>
Fetching https://raw.githubusercontent.com/CompEvol/CBAN/master/packages-extra-2.7.xml
Error fetching https://raw.githubusercontent.com/CompEvol/CBAN/master/packages-extra-2.7.xml: <urlopen error [Errno 8] nodename nor servname provided, or not known>

Found 0 unique GitHub repositories

No data collected.
Fetching https://raw.githubusercontent.com/CompEvol/CBAN/master/packages2.7.xml
Fetching https://raw.githubusercontent.com/CompEvol/CBAN/master/packages-extra-2.7.xml

Found 74 unique GitHub repositories

[1/74] BEAST.base (CompEvol/beast2)
[2/74] BEASTLabs (BEAST2-Dev/BEASTLabs)
[3/74] bModelTest (BEAST2-Dev/bModelTest)
[4/74] OBAMA (rbouckaert/obama)
[5/74] BICEPS (rbouckaert/biceps)
[6/74] ORC (jordandouglas/ORC)
[7/74] speedemon (rbouckaert/speedemon)
[8/74] gammaspike (jordandouglas/GammaSpikeModel)
[9/74] resub (jordandouglas/resub)
[10/74] contraband (fkmendes/contraband)
[11/74] Babel (rbouckaert/Babel)
[12/74] BEAST_CLASSIC (BEAST2-Dev/beast-classic)
[13/74] SNAPP (BEAST2-Dev/SNAPP)
[14/74] snapper (rbouckaert/snapper)
[15/74] TreeStat2 (alexeid/TreeStat2)
[16/74] starbeast3 (rbouckaert/starbeast3)
[17/74] SpeciesNetwork (zhangchicool/speciesnetwork)
[18/74] MODEL_SELECTION (BEAST2-Dev/model-selection)
[19/74] NS (BEAST2-Dev/nested-sampling)
[20/74] CoupledMCMC (nicfel/CoupledMCMC)
[21/74] MM (CompEvol/morph-models)
[22/74] GEO_SPHERE (BEAST2-Dev/beast-geo)
[23/74] BREAK_AWAY (rbouckaert/break-away)
[24/74] SSM (BEAST2-Dev/substmodels)
[25/74] MGSM (BEAST2-Dev/MGSM)
[26/74] SA (CompEvol/sampled-ancestors)
[27/74] BDSKY (BEAST2-Dev/bdsky)
[28/74] feast (tgvaughan/feast)
[29/74] TiDeTree (seidels/tidetree)
[30/74] MultiTypeTree (tgvaughan/MultiTypeTree)
[31/74] MASTER (tgvaughan/MASTER)
[32/74] ReMASTER (tgvaughan/remaster)
[33/74] Mascot (nicfel/Mascot)
[34/74] Recombination (nicfel/Recombination)
[35/74] CoalRe (nicfel/CoalRe)
[36/74] CodonSubstModels (BEAST2-Dev/codonsubstmodels)
[37/74] timtam (aezarebski/timtam2)
[38/74] BEASTvntr (arjun-1/BEASTvntr)
[39/74] PIQMEE (boskovav/piqmee)
[40/74] EpiInf (tgvaughan/epiinf)
[41/74] FastRelaxedClockLogNormal (Rong419/ConstantDistanceOperator)
[42/74] bacter (tgvaughan/bacter)
[43/74] StarBEAST2 (genomescale/starbeast2)
[44/74] bdtree (fkmendes/bdtree)
[45/74] bdmm (denisekuehnert/bdmm)
[46/74] PhyDyn (mrc-ide/PhyDyn)
[47/74] CA (BEAST2-Dev/cladeage)
[48/74] phylodynamics (BEAST2-Dev/phylodynamics)
[49/74] PopFunc (LinguaPhylo/PopFunc)
[50/74] phylonco (bioDS/beast-phylonco)
[51/74] lphybeast (LinguaPhylo/LPhyBeast)
[52/74] LPhyBeastExt (LinguaPhylo/LPhyBeastExt)
[53/74] contacTrees (NicoNeureiter/contacTrees)
[54/74] FixedTreeAnalysis (rbouckaert/FixedTreeAnalysis)
[55/74] CCD (CompEvol/CCD)
[56/74] FLC (4ment/flc)
[57/74] CubeVB (rbouckaert/cubevb)
[58/74] FreeRateModel (BEAST2-Dev/FreeRateModel)
[59/74] AlmostDistributions (rbouckaert/AlmostDistributions)
[60/74] Experimenter (christiaanjs/beast-validation)
[61/74] IndelDollo (jordandouglas/IndelDollo)
[62/74] CorrelatedTrait (rbouckaert/CorrelatedTrait)
[63/74] ASM (rbouckaert/asm)
[64/74] HetMM (jordandouglas/HetMM)
[65/74] beastmap (jordandouglas/BeastMap)
[66/74] FoldBeast (jordandouglas/FoldBeast)
[67/74] BREATH (rbouckaert/transmission)
[68/74] 5rf (rbouckaert/5rf)
[69/74] RBS (BEAST2-Dev/rb-beast)
[70/74] rootfreqs (rbouckaert/rootfreqs)
[71/74] EpochClockModel (rbouckaert/EpochClockModel)
[72/74] TyCHE (hoehnlab/tyche)
[73/74] TargetedBeast (nicfel/targetedbeast)
[74/74] BEAST2Lang (CompEvol/beast2lang)
Snapshot saved to beast2_snapshots/snapshot_2026-05-05_14-29-18.json

Loaded 2 snapshot(s)
Computed deltas: 242 entries across 1 period(s)
CSV written to beast2_download_stats.csv
HTML report written to beast2_download_stats.html

Done! Total .zip downloads reported: 22,835
Fetching https://raw.githubusercontent.com/CompEvol/CBAN/master/packages2.7.xml
Fetching https://raw.githubusercontent.com/CompEvol/CBAN/master/packages-extra-2.7.xml

Found 75 unique GitHub repositories

[1/75] BEAST.base (CompEvol/beast2)
[2/75] BEASTLabs (BEAST2-Dev/BEASTLabs)
[3/75] bModelTest (BEAST2-Dev/bModelTest)
[4/75] OBAMA (rbouckaert/obama)
[5/75] BICEPS (rbouckaert/biceps)
[6/75] ORC (jordandouglas/ORC)
[7/75] speedemon (rbouckaert/speedemon)
[8/75] gammaspike (jordandouglas/GammaSpikeModel)
[9/75] resub (jordandouglas/resub)
[10/75] contraband (fkmendes/contraband)
[11/75] Babel (rbouckaert/Babel)
[12/75] BEAST_CLASSIC (BEAST2-Dev/beast-classic)
[13/75] SNAPP (BEAST2-Dev/SNAPP)
[14/75] snapper (rbouckaert/snapper)
[15/75] TreeStat2 (alexeid/TreeStat2)
[16/75] starbeast3 (rbouckaert/starbeast3)
[17/75] SpeciesNetwork (zhangchicool/speciesnetwork)
[18/75] MODEL_SELECTION (BEAST2-Dev/model-selection)
[19/75] NS (BEAST2-Dev/nested-sampling)
[20/75] CoupledMCMC (nicfel/CoupledMCMC)
[21/75] MM (CompEvol/morph-models)
[22/75] GEO_SPHERE (BEAST2-Dev/beast-geo)
[23/75] BREAK_AWAY (rbouckaert/break-away)
[24/75] SSM (BEAST2-Dev/substmodels)
[25/75] MGSM (BEAST2-Dev/MGSM)
[26/75] SA (CompEvol/sampled-ancestors)
[27/75] BDSKY (BEAST2-Dev/bdsky)
[28/75] feast (tgvaughan/feast)
[29/75] TiDeTree (seidels/tidetree)
[30/75] MultiTypeTree (tgvaughan/MultiTypeTree)
[31/75] MASTER (tgvaughan/MASTER)
[32/75] ReMASTER (tgvaughan/remaster)
[33/75] Mascot (nicfel/Mascot)
[34/75] Recombination (nicfel/Recombination)
[35/75] CoalRe (nicfel/CoalRe)
[36/75] CodonSubstModels (BEAST2-Dev/codonsubstmodels)
[37/75] timtam (aezarebski/timtam2)
[38/75] BEASTvntr (arjun-1/BEASTvntr)
[39/75] PIQMEE (boskovav/piqmee)
[40/75] EpiInf (tgvaughan/epiinf)
[41/75] FastRelaxedClockLogNormal (Rong419/ConstantDistanceOperator)
[42/75] bacter (tgvaughan/bacter)
[43/75] StarBEAST2 (genomescale/starbeast2)
[44/75] bdtree (fkmendes/bdtree)
[45/75] bdmm (denisekuehnert/bdmm)
[46/75] PhyDyn (mrc-ide/PhyDyn)
[47/75] CA (BEAST2-Dev/cladeage)
[48/75] phylodynamics (BEAST2-Dev/phylodynamics)
[49/75] PopFunc (LinguaPhylo/PopFunc)
[50/75] phylonco (bioDS/beast-phylonco)
[51/75] lphybeast (LinguaPhylo/LPhyBeast)
[52/75] LPhyBeastExt (LinguaPhylo/LPhyBeastExt)
[53/75] contacTrees (NicoNeureiter/contacTrees)
[54/75] FixedTreeAnalysis (rbouckaert/FixedTreeAnalysis)
[55/75] CCD (CompEvol/CCD)
[56/75] FLC (4ment/flc)
[57/75] CubeVB (rbouckaert/cubevb)
[58/75] FreeRateModel (BEAST2-Dev/FreeRateModel)
[59/75] BDMM-Prime (tgvaughan/BDMM-Prime)
[60/75] AlmostDistributions (rbouckaert/AlmostDistributions)
[61/75] Experimenter (christiaanjs/beast-validation)
[62/75] IndelDollo (jordandouglas/IndelDollo)
[63/75] CorrelatedTrait (rbouckaert/CorrelatedTrait)
[64/75] ASM (rbouckaert/asm)
[65/75] HetMM (jordandouglas/HetMM)
[66/75] beastmap (jordandouglas/BeastMap)
[67/75] FoldBeast (jordandouglas/FoldBeast)
[68/75] BREATH (rbouckaert/transmission)
[69/75] 5rf (rbouckaert/5rf)
[70/75] RBS (BEAST2-Dev/rb-beast)
[71/75] rootfreqs (rbouckaert/rootfreqs)
[72/75] EpochClockModel (rbouckaert/EpochClockModel)
[73/75] TyCHE (hoehnlab/tyche)
[74/75] TargetedBeast (nicfel/targetedbeast)
[75/75] BEAST2Lang (CompEvol/beast2lang)
Snapshot saved to beast2_snapshots/snapshot_2026-06-09_21-44-18.json

Loaded 3 snapshot(s)
Computed deltas: 514 entries across 2 period(s)
CSV written to beast2_download_stats.csv
HTML report written to beast2_download_stats.html

Done! Total .zip downloads reported: 33,582
Fetching https://raw.githubusercontent.com/CompEvol/CBAN/master/packages2.7.xml
Fetching https://raw.githubusercontent.com/CompEvol/CBAN/master/packages-extra-2.7.xml

Found 77 unique GitHub repositories

[1/77] BEAST.base (CompEvol/beast2)
[2/77] BEASTLabs (BEAST2-Dev/BEASTLabs)
[3/77] bModelTest (BEAST2-Dev/bModelTest)
[4/77] OBAMA (rbouckaert/obama)
[5/77] BICEPS (rbouckaert/biceps)
[6/77] ORC (jordandouglas/ORC)
[7/77] speedemon (rbouckaert/speedemon)
[8/77] gammaspike (jordandouglas/GammaSpikeModel)
[9/77] resub (jordandouglas/resub)
[10/77] contraband (fkmendes/contraband)
[11/77] Babel (rbouckaert/Babel)
[12/77] BEAST_CLASSIC (BEAST2-Dev/beast-classic)
[13/77] SNAPP (BEAST2-Dev/SNAPP)
[14/77] snapper (rbouckaert/snapper)
[15/77] TreeStat2 (alexeid/TreeStat2)
[16/77] starbeast3 (rbouckaert/starbeast3)
[17/77] SpeciesNetwork (zhangchicool/speciesnetwork)
[18/77] MODEL_SELECTION (BEAST2-Dev/model-selection)
[19/77] NS (BEAST2-Dev/nested-sampling)
[20/77] CoupledMCMC (nicfel/CoupledMCMC)
[21/77] MM (CompEvol/morph-models)
[22/77] GEO_SPHERE (BEAST2-Dev/beast-geo)
[23/77] BREAK_AWAY (rbouckaert/break-away)
[24/77] SSM (BEAST2-Dev/substmodels)
[25/77] MGSM (BEAST2-Dev/MGSM)
[26/77] SA (CompEvol/sampled-ancestors)
[27/77] BDSKY (BEAST2-Dev/bdsky)
[28/77] feast (tgvaughan/feast)
[29/77] TiDeTree (seidels/tidetree)
[30/77] MultiTypeTree (tgvaughan/MultiTypeTree)
[31/77] MASTER (tgvaughan/MASTER)
[32/77] ReMASTER (tgvaughan/remaster)
[33/77] Mascot (nicfel/Mascot)
[34/77] Recombination (nicfel/Recombination)
[35/77] CoalRe (nicfel/CoalRe)
[36/77] CodonSubstModels (BEAST2-Dev/codonsubstmodels)
[37/77] timtam (aezarebski/timtam2)
[38/77] BEASTvntr (arjun-1/BEASTvntr)
[39/77] PIQMEE (boskovav/piqmee)
[40/77] EpiInf (tgvaughan/epiinf)
[41/77] FastRelaxedClockLogNormal (Rong419/ConstantDistanceOperator)
[42/77] bacter (tgvaughan/bacter)
[43/77] StarBEAST2 (genomescale/starbeast2)
[44/77] bdtree (fkmendes/bdtree)
[45/77] bdmm (denisekuehnert/bdmm)
[46/77] PhyDyn (mrc-ide/PhyDyn)
[47/77] CA (BEAST2-Dev/cladeage)
[48/77] phylodynamics (BEAST2-Dev/phylodynamics)
[49/77] PopFunc (LinguaPhylo/PopFunc)
[50/77] phylonco (bioDS/beast-phylonco)
[51/77] lphybeast (LinguaPhylo/LPhyBeast)
[52/77] LPhyBeastExt (LinguaPhylo/LPhyBeastExt)
[53/77] contacTrees (NicoNeureiter/contacTrees)
[54/77] FixedTreeAnalysis (rbouckaert/FixedTreeAnalysis)
[55/77] CCD (CompEvol/CCD)
[56/77] FLC (4ment/flc)
[57/77] CubeVB (rbouckaert/cubevb)
[58/77] FreeRateModel (BEAST2-Dev/FreeRateModel)
[59/77] BDMM-Prime (tgvaughan/BDMM-Prime)
[60/77] ASM (rbouckaert/asm)
[61/77] AlmostDistributions (rbouckaert/AlmostDistributions)
[62/77] Experimenter (christiaanjs/beast-validation)
[63/77] IndelDollo (jordandouglas/IndelDollo)
[64/77] CorrelatedTrait (rbouckaert/CorrelatedTrait)
[65/77] HetMM (jordandouglas/HetMM)
[66/77] beastmap (jordandouglas/BeastMap)
[67/77] FoldBeast (jordandouglas/FoldBeast)
[68/77] BREATH (rbouckaert/transmission)
[69/77] 5rf (rbouckaert/5rf)
[70/77] RBS (BEAST2-Dev/rb-beast)
[71/77] rootfreqs (rbouckaert/rootfreqs)
[72/77] EpochClockModel (rbouckaert/EpochClockModel)
[73/77] TyCHE (hoehnlab/tyche)
[74/77] TargetedBeast (nicfel/targetedbeast)
[75/77] BEAST2Lang (CompEvol/beast2lang)
[76/77] BEASTBooster (rbouckaert/beastbooster)
[77/77] online (rbouckaert/online)
Snapshot saved to beast2_snapshots/snapshot_2026-07-05_21-06-02.json

Loaded 4 snapshot(s)
Computed deltas: 724 entries across 3 period(s)
CSV written to beast2_download_stats.csv
HTML report written to beast2_download_stats.html

Done! Total .zip downloads reported: 39,420
Fetching https://raw.githubusercontent.com/CompEvol/CBAN/master/packages2.7.xml
Fetching https://raw.githubusercontent.com/CompEvol/CBAN/master/packages-extra-2.7.xml

Found 77 unique GitHub repositories

[1/77] BEAST.base (CompEvol/beast2)
[2/77] BEASTLabs (BEAST2-Dev/BEASTLabs)
[3/77] bModelTest (BEAST2-Dev/bModelTest)
[4/77] OBAMA (rbouckaert/obama)
[5/77] BICEPS (rbouckaert/biceps)
[6/77] ORC (jordandouglas/ORC)
[7/77] speedemon (rbouckaert/speedemon)
[8/77] gammaspike (jordandouglas/GammaSpikeModel)
[9/77] resub (jordandouglas/resub)
[10/77] contraband (fkmendes/contraband)
[11/77] Babel (rbouckaert/Babel)
[12/77] BEAST_CLASSIC (BEAST2-Dev/beast-classic)
[13/77] SNAPP (BEAST2-Dev/SNAPP)
[14/77] snapper (rbouckaert/snapper)
[15/77] TreeStat2 (alexeid/TreeStat2)
[16/77] starbeast3 (rbouckaert/starbeast3)
[17/77] SpeciesNetwork (zhangchicool/speciesnetwork)
[18/77] MODEL_SELECTION (BEAST2-Dev/model-selection)
[19/77] NS (BEAST2-Dev/nested-sampling)
[20/77] CoupledMCMC (nicfel/CoupledMCMC)
[21/77] MM (CompEvol/morph-models)
[22/77] GEO_SPHERE (BEAST2-Dev/beast-geo)
[23/77] BREAK_AWAY (rbouckaert/break-away)
[24/77] SSM (BEAST2-Dev/substmodels)
[25/77] MGSM (BEAST2-Dev/MGSM)
[26/77] SA (CompEvol/sampled-ancestors)
[27/77] BDSKY (BEAST2-Dev/bdsky)
[28/77] feast (tgvaughan/feast)
[29/77] TiDeTree (seidels/tidetree)
[30/77] MultiTypeTree (tgvaughan/MultiTypeTree)
[31/77] MASTER (tgvaughan/MASTER)
[32/77] ReMASTER (tgvaughan/remaster)
[33/77] Mascot (nicfel/Mascot)
[34/77] Recombination (nicfel/Recombination)
[35/77] CoalRe (nicfel/CoalRe)
[36/77] CodonSubstModels (BEAST2-Dev/codonsubstmodels)
[37/77] timtam (aezarebski/timtam2)
[38/77] BEASTvntr (arjun-1/BEASTvntr)
[39/77] PIQMEE (boskovav/piqmee)
[40/77] EpiInf (tgvaughan/epiinf)
[41/77] FastRelaxedClockLogNormal (Rong419/ConstantDistanceOperator)
[42/77] bacter (tgvaughan/bacter)
[43/77] StarBEAST2 (genomescale/starbeast2)
[44/77] bdtree (fkmendes/bdtree)
[45/77] bdmm (denisekuehnert/bdmm)
[46/77] PhyDyn (mrc-ide/PhyDyn)
[47/77] CA (BEAST2-Dev/cladeage)
[48/77] phylodynamics (BEAST2-Dev/phylodynamics)
[49/77] PopFunc (LinguaPhylo/PopFunc)
[50/77] phylonco (bioDS/beast-phylonco)
[51/77] lphybeast (LinguaPhylo/LPhyBeast)
[52/77] LPhyBeastExt (LinguaPhylo/LPhyBeastExt)
[53/77] contacTrees (NicoNeureiter/contacTrees)
[54/77] FixedTreeAnalysis (rbouckaert/FixedTreeAnalysis)
[55/77] CCD (CompEvol/CCD)
[56/77] FLC (4ment/flc)
[57/77] CubeVB (rbouckaert/cubevb)
[58/77] FreeRateModel (BEAST2-Dev/FreeRateModel)
[59/77] BDMM-Prime (tgvaughan/BDMM-Prime)
[60/77] ASM (rbouckaert/asm)
[61/77] AlmostDistributions (rbouckaert/AlmostDistributions)
[62/77] Experimenter (christiaanjs/beast-validation)
[63/77] IndelDollo (jordandouglas/IndelDollo)
[64/77] CorrelatedTrait (rbouckaert/CorrelatedTrait)
[65/77] HetMM (jordandouglas/HetMM)
[66/77] beastmap (jordandouglas/BeastMap)
[67/77] FoldBeast (jordandouglas/FoldBeast)
[68/77] BREATH (rbouckaert/transmission)
[69/77] 5rf (rbouckaert/5rf)
[70/77] RBS (BEAST2-Dev/rb-beast)
[71/77] rootfreqs (rbouckaert/rootfreqs)
[72/77] EpochClockModel (rbouckaert/EpochClockModel)
[73/77] TyCHE (hoehnlab/tyche)
[74/77] TargetedBeast (nicfel/targetedbeast)
[75/77] BEAST2Lang (CompEvol/beast2lang)
[76/77] BEASTBooster (rbouckaert/beastbooster)
[77/77] online (rbouckaert/online)
Snapshot saved to beast2_snapshots/snapshot_2026-08-18_22-06-11.json

Loaded 5 snapshot(s)
Computed deltas: 1066 entries across 4 period(s)
CSV written to beast2_download_stats.csv
HTML report written to beast2_download_stats.html

Done! Total .zip downloads reported: 51,032
Fetching https://raw.githubusercontent.com/CompEvol/CBAN/master/packages2.7.xml
Fetching https://raw.githubusercontent.com/CompEvol/CBAN/master/packages-extra-2.7.xml

Found 77 unique GitHub repositories

[1/77] BEAST.base (CompEvol/beast2)
[2/77] BEASTLabs (BEAST2-Dev/BEASTLabs)
[3/77] bModelTest (BEAST2-Dev/bModelTest)
[4/77] OBAMA (rbouckaert/obama)
[5/77] BICEPS (rbouckaert/biceps)
[6/77] ORC (jordandouglas/ORC)
Traceback (most recent call last):
  File "/Users/jugne/beast2_release_stats.py", line 548, in <module>
    main()
  File "/Users/jugne/beast2_release_stats.py", line 511, in main
    snapshot = collect_snapshot(all_repos, token)
  File "/Users/jugne/beast2_release_stats.py", line 144, in collect_snapshot
    releases = get_all_releases(repo_key, token)
  File "/Users/jugne/beast2_release_stats.py", line 126, in get_all_releases
    data, next_url = api_get(url, token)
  File "/Users/jugne/beast2_release_stats.py", line 58, in api_get
    data = json.loads(resp.read().decode())
  File "/Library/Developer/CommandLineTools/Library/Frameworks/Python3.framework/Versions/3.9/lib/python3.9/http/client.py", line 472, in read
    s = self._safe_read(self.length)
  File "/Library/Developer/CommandLineTools/Library/Frameworks/Python3.framework/Versions/3.9/lib/python3.9/http/client.py", line 613, in _safe_read
    data = self.fp.read(amt)
  File "/Library/Developer/CommandLineTools/Library/Frameworks/Python3.framework/Versions/3.9/lib/python3.9/socket.py", line 704, in readinto
    return self._sock.recv_into(b)
  File "/Library/Developer/CommandLineTools/Library/Frameworks/Python3.framework/Versions/3.9/lib/python3.9/ssl.py", line 1241, in recv_into
    return self.read(nbytes, buffer)
  File "/Library/Developer/CommandLineTools/Library/Frameworks/Python3.framework/Versions/3.9/lib/python3.9/ssl.py", line 1099, in read
    return self._sslobj.read(len, buffer)
ConnectionResetError: [Errno 54] Connection reset by peer
Fetching https://raw.githubusercontent.com/CompEvol/CBAN/master/packages2.7.xml
Error fetching https://raw.githubusercontent.com/CompEvol/CBAN/master/packages2.7.xml: <urlopen error [Errno 8] nodename nor servname provided, or not known>
Fetching https://raw.githubusercontent.com/CompEvol/CBAN/master/packages-extra-2.7.xml
Error fetching https://raw.githubusercontent.com/CompEvol/CBAN/master/packages-extra-2.7.xml: <urlopen error [Errno 8] nodename nor servname provided, or not known>

Found 0 unique GitHub repositories

No data collected.
Fetching https://raw.githubusercontent.com/CompEvol/CBAN/master/packages2.7.xml
Fetching https://raw.githubusercontent.com/CompEvol/CBAN/master/packages-extra-2.7.xml

Found 78 unique GitHub repositories

[1/78] BEAST.base (CompEvol/beast2)
[2/78] BEASTLabs (BEAST2-Dev/BEASTLabs)
[3/78] bModelTest (BEAST2-Dev/bModelTest)
[4/78] OBAMA (rbouckaert/obama)
[5/78] BICEPS (rbouckaert/biceps)
[6/78] ORC (jordandouglas/ORC)
[7/78] speedemon (rbouckaert/speedemon)
[8/78] gammaspike (jordandouglas/GammaSpikeModel)
[9/78] resub (jordandouglas/resub)
[10/78] contraband (fkmendes/contraband)
[11/78] Babel (rbouckaert/Babel)
[12/78] BEAST_CLASSIC (BEAST2-Dev/beast-classic)
[13/78] SNAPP (BEAST2-Dev/SNAPP)
[14/78] snapper (rbouckaert/snapper)
[15/78] TreeStat2 (alexeid/TreeStat2)
[16/78] starbeast3 (rbouckaert/starbeast3)
[17/78] SpeciesNetwork (zhangchicool/speciesnetwork)
[18/78] MODEL_SELECTION (BEAST2-Dev/model-selection)
[19/78] NS (BEAST2-Dev/nested-sampling)
[20/78] CoupledMCMC (nicfel/CoupledMCMC)
[21/78] MM (CompEvol/morph-models)
[22/78] GEO_SPHERE (BEAST2-Dev/beast-geo)
[23/78] BREAK_AWAY (rbouckaert/break-away)
[24/78] SSM (BEAST2-Dev/substmodels)
[25/78] MGSM (BEAST2-Dev/MGSM)
[26/78] SA (CompEvol/sampled-ancestors)
[27/78] BDSKY (BEAST2-Dev/bdsky)
[28/78] feast (tgvaughan/feast)
[29/78] TiDeTree (seidels/tidetree)
[30/78] MultiTypeTree (tgvaughan/MultiTypeTree)
[31/78] MASTER (tgvaughan/MASTER)
[32/78] ReMASTER (tgvaughan/remaster)
[33/78] Mascot (nicfel/Mascot)
[34/78] Recombination (nicfel/Recombination)
[35/78] CoalRe (nicfel/CoalRe)
[36/78] CodonSubstModels (BEAST2-Dev/codonsubstmodels)
[37/78] timtam (aezarebski/timtam2)
[38/78] BEASTvntr (arjun-1/BEASTvntr)
[39/78] PIQMEE (boskovav/piqmee)
[40/78] EpiInf (tgvaughan/epiinf)
[41/78] FastRelaxedClockLogNormal (Rong419/ConstantDistanceOperator)
[42/78] bacter (tgvaughan/bacter)
[43/78] StarBEAST2 (genomescale/starbeast2)
[44/78] bdtree (fkmendes/bdtree)
[45/78] bdmm (denisekuehnert/bdmm)
[46/78] PhyDyn (mrc-ide/PhyDyn)
[47/78] CA (BEAST2-Dev/cladeage)
[48/78] phylodynamics (BEAST2-Dev/phylodynamics)
[49/78] PopFunc (LinguaPhylo/PopFunc)
[50/78] phylonco (bioDS/beast-phylonco)
[51/78] lphybeast (LinguaPhylo/LPhyBeast)
[52/78] LPhyBeastExt (LinguaPhylo/LPhyBeastExt)
[53/78] contacTrees (NicoNeureiter/contacTrees)
[54/78] FixedTreeAnalysis (rbouckaert/FixedTreeAnalysis)
[55/78] CCD (CompEvol/CCD)
[56/78] FLC (4ment/flc)
[57/78] CubeVB (rbouckaert/cubevb)
[58/78] FreeRateModel (BEAST2-Dev/FreeRateModel)
[59/78] BDMM-Prime (tgvaughan/BDMM-Prime)
[60/78] ASM (rbouckaert/asm)
[61/78] AlmostDistributions (rbouckaert/AlmostDistributions)
[62/78] Experimenter (christiaanjs/beast-validation)
[63/78] IndelDollo (jordandouglas/IndelDollo)
[64/78] CorrelatedTrait (rbouckaert/CorrelatedTrait)
[65/78] HetMM (jordandouglas/HetMM)
[66/78] beastmap (jordandouglas/BeastMap)
[67/78] FoldBeast (jordandouglas/FoldBeast)
[68/78] BREATH (rbouckaert/transmission)
[69/78] 5rf (rbouckaert/5rf)
[70/78] RBS (BEAST2-Dev/rb-beast)
[71/78] rootfreqs (rbouckaert/rootfreqs)
[72/78] EpochClockModel (rbouckaert/EpochClockModel)
[73/78] TyCHE (hoehnlab/tyche)
[74/78] TargetedBeast (nicfel/targetedbeast)
[75/78] BEAST2Lang (CompEvol/beast2lang)
[76/78] BEASTBooster (rbouckaert/beastbooster)
[77/78] online (rbouckaert/online)
[78/78] PhyloPotts (rbouckaert/potts)
Snapshot saved to beast2_snapshots/snapshot_2026-10-07_12-01-01.json

Loaded 6 snapshot(s)
Computed deltas: 1465 entries across 5 period(s)
CSV written to beast2_download_stats.csv
HTML report written to beast2_download_stats.html

Done! Total .zip downloads reported: 65,257
Snapshot for 2026-10 already exists. Skipping.
Fetching https://raw.githubusercontent.com/CompEvol/CBAN/master/packages2.7.xml
Fetching https://raw.githubusercontent.com/CompEvol/CBAN/master/packages-extra-2.7.xml

Found 78 unique GitHub repositories

[1/78] BEAST.base (CompEvol/beast2)
[2/78] BEASTLabs (BEAST2-Dev/BEASTLabs)
[3/78] bModelTest (BEAST2-Dev/bModelTest)
[4/78] OBAMA (rbouckaert/obama)
[5/78] BICEPS (rbouckaert/biceps)
[6/78] ORC (jordandouglas/ORC)
[7/78] speedemon (rbouckaert/speedemon)
[8/78] gammaspike (jordandouglas/GammaSpikeModel)
[9/78] resub (jordandouglas/resub)
[10/78] contraband (fkmendes/contraband)
[11/78] Babel (rbouckaert/Babel)
[12/78] BEAST_CLASSIC (BEAST2-Dev/beast-classic)
[13/78] SNAPP (BEAST2-Dev/SNAPP)
[14/78] snapper (rbouckaert/snapper)
[15/78] TreeStat2 (alexeid/TreeStat2)
[16/78] starbeast3 (rbouckaert/starbeast3)
[17/78] SpeciesNetwork (zhangchicool/speciesnetwork)
[18/78] MODEL_SELECTION (BEAST2-Dev/model-selection)
[19/78] NS (BEAST2-Dev/nested-sampling)
[20/78] CoupledMCMC (nicfel/CoupledMCMC)
[21/78] MM (CompEvol/morph-models)
[22/78] GEO_SPHERE (BEAST2-Dev/beast-geo)
[23/78] BREAK_AWAY (rbouckaert/break-away)
[24/78] SSM (BEAST2-Dev/substmodels)
[25/78] MGSM (BEAST2-Dev/MGSM)
[26/78] SA (CompEvol/sampled-ancestors)
[27/78] BDSKY (BEAST2-Dev/bdsky)
[28/78] feast (tgvaughan/feast)
[29/78] TiDeTree (seidels/tidetree)
[30/78] MultiTypeTree (tgvaughan/MultiTypeTree)
[31/78] MASTER (tgvaughan/MASTER)
[32/78] ReMASTER (tgvaughan/remaster)
[33/78] Mascot (nicfel/Mascot)
[34/78] Recombination (nicfel/Recombination)
[35/78] CoalRe (nicfel/CoalRe)
[36/78] CodonSubstModels (BEAST2-Dev/codonsubstmodels)
[37/78] timtam (aezarebski/timtam2)
[38/78] BEASTvntr (arjun-1/BEASTvntr)
[39/78] PIQMEE (boskovav/piqmee)
[40/78] EpiInf (tgvaughan/epiinf)
[41/78] FastRelaxedClockLogNormal (Rong419/ConstantDistanceOperator)
[42/78] bacter (tgvaughan/bacter)
[43/78] StarBEAST2 (genomescale/starbeast2)
[44/78] bdtree (fkmendes/bdtree)
[45/78] bdmm (denisekuehnert/bdmm)
[46/78] PhyDyn (mrc-ide/PhyDyn)
[47/78] CA (BEAST2-Dev/cladeage)
[48/78] phylodynamics (BEAST2-Dev/phylodynamics)
[49/78] PopFunc (LinguaPhylo/PopFunc)
[50/78] phylonco (bioDS/beast-phylonco)
[51/78] lphybeast (LinguaPhylo/LPhyBeast)
[52/78] LPhyBeastExt (LinguaPhylo/LPhyBeastExt)
[53/78] contacTrees (NicoNeureiter/contacTrees)
[54/78] FixedTreeAnalysis (rbouckaert/FixedTreeAnalysis)
[55/78] CCD (CompEvol/CCD)
[56/78] FLC (4ment/flc)
[57/78] CubeVB (rbouckaert/cubevb)
[58/78] FreeRateModel (BEAST2-Dev/FreeRateModel)
[59/78] BDMM-Prime (tgvaughan/BDMM-Prime)
[60/78] ASM (rbouckaert/asm)
[61/78] AlmostDistributions (rbouckaert/AlmostDistributions)
[62/78] Experimenter (christiaanjs/beast-validation)
[63/78] IndelDollo (jordandouglas/IndelDollo)
[64/78] CorrelatedTrait (rbouckaert/CorrelatedTrait)
[65/78] HetMM (jordandouglas/HetMM)
[66/78] beastmap (jordandouglas/BeastMap)
[67/78] FoldBeast (jordandouglas/FoldBeast)
[68/78] BREATH (rbouckaert/transmission)
[69/78] 5rf (rbouckaert/5rf)
[70/78] RBS (BEAST2-Dev/rb-beast)
[71/78] rootfreqs (rbouckaert/rootfreqs)
[72/78] EpochClockModel (rbouckaert/EpochClockModel)
[73/78] TyCHE (hoehnlab/tyche)
[74/78] TargetedBeast (nicfel/targetedbeast)
[75/78] BEAST2Lang (CompEvol/beast2lang)
[76/78] BEASTBooster (rbouckaert/beastbooster)
[77/78] online (rbouckaert/online)
[78/78] PhyloPotts (rbouckaert/potts)
Snapshot saved to beast2_snapshots/snapshot_2026-10-07_12-12-25.json

Loaded 6 snapshot(s)
Computed deltas: 1465 entries across 5 period(s)
CSV written to beast2_download_stats.csv
HTML report written to beast2_download_stats.html

Done! Total .zip downloads reported: 65,260
